  CBullet.cpp
C:\Users\동재\Desktop\공부폴더\3학년\넷겜플\NetworkGameProject\NetworkGameProject\PICOPARK\CBullet.cpp(16,25): warning C4244: '인수': 'float'에서 'int'(으)로 변환하면서 데이터가 손실될 수 있습니다.
C:\Users\동재\Desktop\공부폴더\3학년\넷겜플\NetworkGameProject\NetworkGameProject\PICOPARK\CBullet.cpp(16,18): warning C4244: '인수': 'float'에서 'int'(으)로 변환하면서 데이터가 손실될 수 있습니다.
  CGameloop.cpp
C:\Users\동재\Desktop\공부폴더\3학년\넷겜플\NetworkGameProject\NetworkGameProject\PICOPARK\CPlayer.h(4,36): warning C4305: '초기화 중': 'double'에서 'float'(으)로 잘립니다.
  CObject.cpp
  CPlayer.cpp
C:\Users\동재\Desktop\공부폴더\3학년\넷겜플\NetworkGameProject\NetworkGameProject\PICOPARK\CPlayer.h(4,36): warning C4305: '초기화 중': 'double'에서 'float'(으)로 잘립니다.
C:\Users\동재\Desktop\공부폴더\3학년\넷겜플\NetworkGameProject\NetworkGameProject\PICOPARK\CPlayer.cpp(14,36): warning C4244: '인수': 'float'에서 'int'(으)로 변환하면서 데이터가 손실될 수 있습니다.
C:\Users\동재\Desktop\공부폴더\3학년\넷겜플\NetworkGameProject\NetworkGameProject\PICOPARK\CPlayer.cpp(14,29): warning C4244: '인수': 'float'에서 'int'(으)로 변환하면서 데이터가 손실될 수 있습니다.
C:\Users\동재\Desktop\공부폴더\3학년\넷겜플\NetworkGameProject\NetworkGameProject\PICOPARK\CPlayer.cpp(16,36): warning C4244: '인수': 'float'에서 'int'(으)로 변환하면서 데이터가 손실될 수 있습니다.
C:\Users\동재\Desktop\공부폴더\3학년\넷겜플\NetworkGameProject\NetworkGameProject\PICOPARK\CPlayer.cpp(16,29): warning C4244: '인수': 'float'에서 'int'(으)로 변환하면서 데이터가 손실될 수 있습니다.
C:\Users\동재\Desktop\공부폴더\3학년\넷겜플\NetworkGameProject\NetworkGameProject\PICOPARK\CPlayer.cpp(18,36): warning C4244: '인수': 'float'에서 'int'(으)로 변환하면서 데이터가 손실될 수 있습니다.
C:\Users\동재\Desktop\공부폴더\3학년\넷겜플\NetworkGameProject\NetworkGameProject\PICOPARK\CPlayer.cpp(18,29): warning C4244: '인수': 'float'에서 'int'(으)로 변환하면서 데이터가 손실될 수 있습니다.
C:\Users\동재\Desktop\공부폴더\3학년\넷겜플\NetworkGameProject\NetworkGameProject\PICOPARK\CPlayer.cpp(21,40): warning C4244: '인수': 'float'에서 'int'(으)로 변환하면서 데이터가 손실될 수 있습니다.
C:\Users\동재\Desktop\공부폴더\3학년\넷겜플\NetworkGameProject\NetworkGameProject\PICOPARK\CPlayer.cpp(21,33): warning C4244: '인수': 'float'에서 'int'(으)로 변환하면서 데이터가 손실될 수 있습니다.
C:\Users\동재\Desktop\공부폴더\3학년\넷겜플\NetworkGameProject\NetworkGameProject\PICOPARK\CPlayer.cpp(23,40): warning C4244: '인수': 'float'에서 'int'(으)로 변환하면서 데이터가 손실될 수 있습니다.
C:\Users\동재\Desktop\공부폴더\3학년\넷겜플\NetworkGameProject\NetworkGameProject\PICOPARK\CPlayer.cpp(23,33): warning C4244: '인수': 'float'에서 'int'(으)로 변환하면서 데이터가 손실될 수 있습니다.
C:\Users\동재\Desktop\공부폴더\3학년\넷겜플\NetworkGameProject\NetworkGameProject\PICOPARK\CPlayer.cpp(26,43): warning C4244: '인수': 'float'에서 'int'(으)로 변환하면서 데이터가 손실될 수 있습니다.
C:\Users\동재\Desktop\공부폴더\3학년\넷겜플\NetworkGameProject\NetworkGameProject\PICOPARK\CPlayer.cpp(26,33): warning C4244: '인수': 'float'에서 'int'(으)로 변환하면서 데이터가 손실될 수 있습니다.
  CScene.cpp
  EndingScene.cpp
  InputManager.cpp
  Intro.cpp
  LoadingScene.cpp
  main.cpp
C:\Users\동재\Desktop\공부폴더\3학년\넷겜플\NetworkGameProject\NetworkGameProject\PICOPARK\CPlayer.h(4,36): warning C4305: '초기화 중': 'double'에서 'float'(으)로 잘립니다.
C:\Users\동재\Desktop\공부폴더\3학년\넷겜플\NetworkGameProject\NetworkGameProject\PICOPARK\main.cpp(119,38): warning C4302: '형식 캐스트': 'LPWSTR'에서 'WORD'(으)로 잘립니다.
C:\Users\동재\Desktop\공부폴더\3학년\넷겜플\NetworkGameProject\NetworkGameProject\PICOPARK\main.cpp(124,45): warning C4302: '형식 캐스트': 'LPWSTR'에서 'WORD'(으)로 잘립니다.
C:\Users\동재\Desktop\공부폴더\3학년\넷겜플\NetworkGameProject\NetworkGameProject\PICOPARK\main.cpp(110,10): warning C4101: 'buffer' :참조되지 않은 지역 변수입니다.
C:\Program Files\Microsoft Visual Studio\2022\Community\VC\Tools\MSVC\14.34.31933\include\xstring(2857,53): warning C4244: '인수': 'wchar_t'에서 'const _Elem'(으)로 변환하면서 데이터가 손실될 수 있습니다.
          with
          [
              _Elem=char
          ]
C:\Program Files\Microsoft Visual Studio\2022\Community\VC\Tools\MSVC\14.34.31933\include\xstring(2718,1): message : 컴파일되는 함수 템플릿 인스턴스화 'void std::basic_string<char,std::char_traits<char>,std::allocator<char>>::_Construct_from_iter<wchar_t*,wchar_t*,_Size_type>(_Iter,const _Sent,_Size)'에 대한 참조를 확인하세요.
          with
          [
              _Size_type=unsigned __int64,
              _Iter=wchar_t *,
              _Sent=wchar_t *,
              _Size=unsigned __int64
          ]
C:\Program Files\Microsoft Visual Studio\2022\Community\VC\Tools\MSVC\14.34.31933\include\xstring(2718,37): message : 컴파일되는 함수 템플릿 인스턴스화 'void std::basic_string<char,std::char_traits<char>,std::allocator<char>>::_Construct_from_iter<wchar_t*,wchar_t*,_Size_type>(_Iter,const _Sent,_Size)'에 대한 참조를 확인하세요.
          with
          [
              _Size_type=unsigned __int64,
              _Iter=wchar_t *,
              _Sent=wchar_t *,
              _Size=unsigned __int64
          ]
C:\Users\동재\Desktop\공부폴더\3학년\넷겜플\NetworkGameProject\NetworkGameProject\PICOPARK\main.cpp(162,13): message : 컴파일되는 함수 템플릿 인스턴스화 'std::basic_string<char,std::char_traits<char>,std::allocator<char>>::basic_string<std::_String_iterator<std::_String_val<std::_Simple_types<_Elem>>>,0>(_Iter,_Iter,const _Alloc &)'에 대한 참조를 확인하세요.
          with
          [
              _Elem=wchar_t,
              _Iter=std::_String_iterator<std::_String_val<std::_Simple_types<wchar_t>>>,
              _Alloc=std::allocator<char>
          ]
C:\Users\동재\Desktop\공부폴더\3학년\넷겜플\NetworkGameProject\NetworkGameProject\PICOPARK\main.cpp(162,22): message : 컴파일되는 함수 템플릿 인스턴스화 'std::basic_string<char,std::char_traits<char>,std::allocator<char>>::basic_string<std::_String_iterator<std::_String_val<std::_Simple_types<_Elem>>>,0>(_Iter,_Iter,const _Alloc &)'에 대한 참조를 확인하세요.
          with
          [
              _Elem=wchar_t,
              _Iter=std::_String_iterator<std::_String_val<std::_Simple_types<wchar_t>>>,
              _Alloc=std::allocator<char>
          ]
  ObjectManager.cpp
C:\Users\동재\Desktop\공부폴더\3학년\넷겜플\NetworkGameProject\NetworkGameProject\PICOPARK\CPlayer.h(4,36): warning C4305: '초기화 중': 'double'에서 'float'(으)로 잘립니다.
  SceneManager.cpp
C:\Users\동재\Desktop\공부폴더\3학년\넷겜플\NetworkGameProject\NetworkGameProject\PICOPARK\CPlayer.h(4,36): warning C4305: '초기화 중': 'double'에서 'float'(으)로 잘립니다.
  Stage1.cpp
C:\Users\동재\Desktop\공부폴더\3학년\넷겜플\NetworkGameProject\NetworkGameProject\PICOPARK\CPlayer.h(4,36): warning C4305: '초기화 중': 'double'에서 'float'(으)로 잘립니다.
  Stage2.cpp
C:\Users\동재\Desktop\공부폴더\3학년\넷겜플\NetworkGameProject\NetworkGameProject\PICOPARK\CPlayer.h(4,36): warning C4305: '초기화 중': 'double'에서 'float'(으)로 잘립니다.
  Stage3.cpp
C:\Users\동재\Desktop\공부폴더\3학년\넷겜플\NetworkGameProject\NetworkGameProject\PICOPARK\CPlayer.h(4,36): warning C4305: '초기화 중': 'double'에서 'float'(으)로 잘립니다.
  TimeManager.cpp
  코드를 생성하고 있습니다.
  Previous IPDB not found, fall back to full compilation.
  All 839 functions were compiled because no usable IPDB/IOBJ from previous compilation was found.
  코드를 생성했습니다.
  윈프 기말 텀프로젝트.vcxproj -> C:\Users\동재\Desktop\공부폴더\3학년\넷겜플\NetworkGameProject\NetworkGameProject\PICOPARK\x64\Release\project.exe
