  CGameloop.cpp
C:\Users\동재\Desktop\공부폴더\3학년\넷겜플\NetworkGameProject\NetworkGameProject\PICOPARK\Server\CPlayer.h(4,36): warning C4305: '초기화 중': 'double'에서 'float'(으)로 잘립니다.
C:\Users\동재\Desktop\공부폴더\3학년\넷겜플\NetworkGameProject\NetworkGameProject\PICOPARK\Server\CPlayer.h(84,18): warning C4244: '=': 'int'에서 'float'(으)로 변환하면서 데이터가 손실될 수 있습니다.
  CObject.cpp
C:\Users\동재\Desktop\공부폴더\3학년\넷겜플\NetworkGameProject\NetworkGameProject\PICOPARK\Server\CPlayer.h(4,36): warning C4305: '초기화 중': 'double'에서 'float'(으)로 잘립니다.
C:\Users\동재\Desktop\공부폴더\3학년\넷겜플\NetworkGameProject\NetworkGameProject\PICOPARK\Server\CPlayer.h(84,18): warning C4244: '=': 'int'에서 'float'(으)로 변환하면서 데이터가 손실될 수 있습니다.
  CPlayer.cpp
C:\Users\동재\Desktop\공부폴더\3학년\넷겜플\NetworkGameProject\NetworkGameProject\PICOPARK\Server\CPlayer.h(4,36): warning C4305: '초기화 중': 'double'에서 'float'(으)로 잘립니다.
C:\Users\동재\Desktop\공부폴더\3학년\넷겜플\NetworkGameProject\NetworkGameProject\PICOPARK\Server\CPlayer.h(84,18): warning C4244: '=': 'int'에서 'float'(으)로 변환하면서 데이터가 손실될 수 있습니다.
C:\Users\동재\Desktop\공부폴더\3학년\넷겜플\NetworkGameProject\NetworkGameProject\PICOPARK\Server\CPlayer.cpp(69,33): warning C4244: '초기화 중': 'int'에서 'float'(으)로 변환하면서 데이터가 손실될 수 있습니다.
C:\Users\동재\Desktop\공부폴더\3학년\넷겜플\NetworkGameProject\NetworkGameProject\PICOPARK\Server\CPlayer.cpp(71,32): warning C4244: '초기화 중': 'int'에서 'float'(으)로 변환하면서 데이터가 손실될 수 있습니다.
C:\Users\동재\Desktop\공부폴더\3학년\넷겜플\NetworkGameProject\NetworkGameProject\PICOPARK\Server\CPlayer.cpp(109,33): warning C4244: '초기화 중': 'int'에서 'float'(으)로 변환하면서 데이터가 손실될 수 있습니다.
C:\Users\동재\Desktop\공부폴더\3학년\넷겜플\NetworkGameProject\NetworkGameProject\PICOPARK\Server\CPlayer.cpp(111,32): warning C4244: '초기화 중': 'int'에서 'float'(으)로 변환하면서 데이터가 손실될 수 있습니다.
C:\Users\동재\Desktop\공부폴더\3학년\넷겜플\NetworkGameProject\NetworkGameProject\PICOPARK\Server\CPlayer.cpp(151,33): warning C4244: '초기화 중': 'int'에서 'float'(으)로 변환하면서 데이터가 손실될 수 있습니다.
C:\Users\동재\Desktop\공부폴더\3학년\넷겜플\NetworkGameProject\NetworkGameProject\PICOPARK\Server\CPlayer.cpp(153,32): warning C4244: '초기화 중': 'int'에서 'float'(으)로 변환하면서 데이터가 손실될 수 있습니다.
C:\Users\동재\Desktop\공부폴더\3학년\넷겜플\NetworkGameProject\NetworkGameProject\PICOPARK\Server\CPlayer.cpp(203,32): warning C4244: '초기화 중': 'int'에서 'float'(으)로 변환하면서 데이터가 손실될 수 있습니다.
C:\Users\동재\Desktop\공부폴더\3학년\넷겜플\NetworkGameProject\NetworkGameProject\PICOPARK\Server\CPlayer.cpp(204,33): warning C4244: '초기화 중': 'int'에서 'float'(으)로 변환하면서 데이터가 손실될 수 있습니다.
C:\Users\동재\Desktop\공부폴더\3학년\넷겜플\NetworkGameProject\NetworkGameProject\PICOPARK\Server\CPlayer.cpp(253,32): warning C4244: '초기화 중': 'int'에서 'float'(으)로 변환하면서 데이터가 손실될 수 있습니다.
C:\Users\동재\Desktop\공부폴더\3학년\넷겜플\NetworkGameProject\NetworkGameProject\PICOPARK\Server\CPlayer.cpp(254,33): warning C4244: '초기화 중': 'int'에서 'float'(으)로 변환하면서 데이터가 손실될 수 있습니다.
C:\Users\동재\Desktop\공부폴더\3학년\넷겜플\NetworkGameProject\NetworkGameProject\PICOPARK\Server\CPlayer.cpp(303,32): warning C4244: '초기화 중': 'int'에서 'float'(으)로 변환하면서 데이터가 손실될 수 있습니다.
C:\Users\동재\Desktop\공부폴더\3학년\넷겜플\NetworkGameProject\NetworkGameProject\PICOPARK\Server\CPlayer.cpp(304,33): warning C4244: '초기화 중': 'int'에서 'float'(으)로 변환하면서 데이터가 손실될 수 있습니다.
  CScene.cpp
C:\Users\동재\Desktop\공부폴더\3학년\넷겜플\NetworkGameProject\NetworkGameProject\PICOPARK\Server\CPlayer.h(4,36): warning C4305: '초기화 중': 'double'에서 'float'(으)로 잘립니다.
C:\Users\동재\Desktop\공부폴더\3학년\넷겜플\NetworkGameProject\NetworkGameProject\PICOPARK\Server\CPlayer.h(84,18): warning C4244: '=': 'int'에서 'float'(으)로 변환하면서 데이터가 손실될 수 있습니다.
  EndingScene.cpp
C:\Users\동재\Desktop\공부폴더\3학년\넷겜플\NetworkGameProject\NetworkGameProject\PICOPARK\Server\CPlayer.h(4,36): warning C4305: '초기화 중': 'double'에서 'float'(으)로 잘립니다.
C:\Users\동재\Desktop\공부폴더\3학년\넷겜플\NetworkGameProject\NetworkGameProject\PICOPARK\Server\CPlayer.h(84,18): warning C4244: '=': 'int'에서 'float'(으)로 변환하면서 데이터가 손실될 수 있습니다.
  LoadingScene.cpp
C:\Users\동재\Desktop\공부폴더\3학년\넷겜플\NetworkGameProject\NetworkGameProject\PICOPARK\Server\CPlayer.h(4,36): warning C4305: '초기화 중': 'double'에서 'float'(으)로 잘립니다.
C:\Users\동재\Desktop\공부폴더\3학년\넷겜플\NetworkGameProject\NetworkGameProject\PICOPARK\Server\CPlayer.h(84,18): warning C4244: '=': 'int'에서 'float'(으)로 변환하면서 데이터가 손실될 수 있습니다.
  ObjectManager.cpp
C:\Users\동재\Desktop\공부폴더\3학년\넷겜플\NetworkGameProject\NetworkGameProject\PICOPARK\Server\CPlayer.h(4,36): warning C4305: '초기화 중': 'double'에서 'float'(으)로 잘립니다.
C:\Users\동재\Desktop\공부폴더\3학년\넷겜플\NetworkGameProject\NetworkGameProject\PICOPARK\Server\CPlayer.h(84,18): warning C4244: '=': 'int'에서 'float'(으)로 변환하면서 데이터가 손실될 수 있습니다.
  SceneManager.cpp
C:\Users\동재\Desktop\공부폴더\3학년\넷겜플\NetworkGameProject\NetworkGameProject\PICOPARK\Server\CPlayer.h(4,36): warning C4305: '초기화 중': 'double'에서 'float'(으)로 잘립니다.
C:\Users\동재\Desktop\공부폴더\3학년\넷겜플\NetworkGameProject\NetworkGameProject\PICOPARK\Server\CPlayer.h(84,18): warning C4244: '=': 'int'에서 'float'(으)로 변환하면서 데이터가 손실될 수 있습니다.
  server.cpp
C:\Users\동재\Desktop\공부폴더\3학년\넷겜플\NetworkGameProject\NetworkGameProject\PICOPARK\Server\CPlayer.h(4,36): warning C4305: '초기화 중': 'double'에서 'float'(으)로 잘립니다.
C:\Users\동재\Desktop\공부폴더\3학년\넷겜플\NetworkGameProject\NetworkGameProject\PICOPARK\Server\CPlayer.h(84,18): warning C4244: '=': 'int'에서 'float'(으)로 변환하면서 데이터가 손실될 수 있습니다.
  Stage1.cpp
C:\Users\동재\Desktop\공부폴더\3학년\넷겜플\NetworkGameProject\NetworkGameProject\PICOPARK\Server\CPlayer.h(4,36): warning C4305: '초기화 중': 'double'에서 'float'(으)로 잘립니다.
C:\Users\동재\Desktop\공부폴더\3학년\넷겜플\NetworkGameProject\NetworkGameProject\PICOPARK\Server\CPlayer.h(84,18): warning C4244: '=': 'int'에서 'float'(으)로 변환하면서 데이터가 손실될 수 있습니다.
C:\Users\동재\Desktop\공부폴더\3학년\넷겜플\NetworkGameProject\NetworkGameProject\PICOPARK\Server\Stage1.cpp(111,20): warning C4244: '인수': 'int'에서 'float'(으)로 변환하면서 데이터가 손실될 수 있습니다.
  Stage2.cpp
C:\Users\동재\Desktop\공부폴더\3학년\넷겜플\NetworkGameProject\NetworkGameProject\PICOPARK\Server\CPlayer.h(4,36): warning C4305: '초기화 중': 'double'에서 'float'(으)로 잘립니다.
C:\Users\동재\Desktop\공부폴더\3학년\넷겜플\NetworkGameProject\NetworkGameProject\PICOPARK\Server\CPlayer.h(84,18): warning C4244: '=': 'int'에서 'float'(으)로 변환하면서 데이터가 손실될 수 있습니다.
  Stage3.cpp
C:\Users\동재\Desktop\공부폴더\3학년\넷겜플\NetworkGameProject\NetworkGameProject\PICOPARK\Server\CPlayer.h(4,36): warning C4305: '초기화 중': 'double'에서 'float'(으)로 잘립니다.
C:\Users\동재\Desktop\공부폴더\3학년\넷겜플\NetworkGameProject\NetworkGameProject\PICOPARK\Server\CPlayer.h(84,18): warning C4244: '=': 'int'에서 'float'(으)로 변환하면서 데이터가 손실될 수 있습니다.
  TimeManager.cpp
C:\Users\동재\Desktop\공부폴더\3학년\넷겜플\NetworkGameProject\NetworkGameProject\PICOPARK\Server\CPlayer.h(4,36): warning C4305: '초기화 중': 'double'에서 'float'(으)로 잘립니다.
C:\Users\동재\Desktop\공부폴더\3학년\넷겜플\NetworkGameProject\NetworkGameProject\PICOPARK\Server\CPlayer.h(84,18): warning C4244: '=': 'int'에서 'float'(으)로 변환하면서 데이터가 손실될 수 있습니다.
  코드를 생성하고 있습니다.
  Previous IPDB not found, fall back to full compilation.
  All 509 functions were compiled because no usable IPDB/IOBJ from previous compilation was found.
  코드를 생성했습니다.
  Server.vcxproj -> C:\Users\동재\Desktop\공부폴더\3학년\넷겜플\NetworkGameProject\NetworkGameProject\PICOPARK\Server\x64\Release\Server.exe
